MPLINK 5.09, LINKER
Linker Map File - Created Fri Sep 16 16:12:13 2022

                                 Section Info
                  Section       Type    Address   Location Size(Bytes)
                ---------  ---------  ---------  ---------  ---------
               RST_VECTOR       code   0x000000    program   0x000006
                      ISR       code   0x000004    program   0x000124
                   .cinit    romdata   0x000096    program   0x000004
                     MAIN       code   0x000098    program   0x000102
.config_2007_BUILD/DEFAULT/PRODUCTION/MAIN.O       code   0x002007    program   0x000002
.config_2008_BUILD/DEFAULT/PRODUCTION/MAIN.O       code   0x002008    program   0x000002
                   .udata      udata   0x000020       data   0x000001
               .udata_shr      udata   0x000070       data   0x000009



                              Program Memory Usage 
                               Start         End      
                           ---------   ---------      
                            0x000000    0x000002      
                            0x000004    0x000118      
                            0x002007    0x002008      
            282 out of 8455 program addresses used, program memory utilization is 3%



                              Symbols - Sorted by Name
                     Name    Address   Location    Storage File                     
                ---------  ---------  ---------  --------- ---------                
               _MAIN_0022   0x0000ba    program     static C:\Users\denni\OneDrive - Università Politecnica delle Marche\Sistemi Elettronici\Progetto\Progetto Rapaccini.X\main.asm
               _MAIN_0064   0x0000fc    program     static C:\Users\denni\OneDrive - Università Politecnica delle Marche\Sistemi Elettronici\Progetto\Progetto Rapaccini.X\main.asm
               _MAIN_0068   0x000100    program     static C:\Users\denni\OneDrive - Università Politecnica delle Marche\Sistemi Elettronici\Progetto\Progetto Rapaccini.X\main.asm
                ascii2dec   0x0000c8    program     static C:\Users\denni\OneDrive - Università Politecnica delle Marche\Sistemi Elettronici\Progetto\Progetto Rapaccini.X\main.asm
                    delay   0x000109    program     static C:\Users\denni\OneDrive - Università Politecnica delle Marche\Sistemi Elettronici\Progetto\Progetto Rapaccini.X\main.asm
                   endISR   0x000020    program     static C:\Users\denni\OneDrive - Università Politecnica delle Marche\Sistemi Elettronici\Progetto\Progetto Rapaccini.X\main.asm
                    endTx   0x00001b    program     static C:\Users\denni\OneDrive - Università Politecnica delle Marche\Sistemi Elettronici\Progetto\Progetto Rapaccini.X\main.asm
              enterNumber   0x0000b7    program     static C:\Users\denni\OneDrive - Università Politecnica delle Marche\Sistemi Elettronici\Progetto\Progetto Rapaccini.X\main.asm
                eusartISR   0x000009    program     static C:\Users\denni\OneDrive - Università Politecnica delle Marche\Sistemi Elettronici\Progetto\Progetto Rapaccini.X\main.asm
                   initHw   0x000027    program     static C:\Users\denni\OneDrive - Università Politecnica delle Marche\Sistemi Elettronici\Progetto\Progetto Rapaccini.X\main.asm
                main_loop   0x00009f    program     static C:\Users\denni\OneDrive - Università Politecnica delle Marche\Sistemi Elettronici\Progetto\Progetto Rapaccini.X\main.asm
                 nonValid   0x0000dd    program     static C:\Users\denni\OneDrive - Università Politecnica delle Marche\Sistemi Elettronici\Progetto\Progetto Rapaccini.X\main.asm
                    start   0x000098    program     static C:\Users\denni\OneDrive - Università Politecnica delle Marche\Sistemi Elettronici\Progetto\Progetto Rapaccini.X\main.asm
                  startTx   0x000110    program     static C:\Users\denni\OneDrive - Università Politecnica delle Marche\Sistemi Elettronici\Progetto\Progetto Rapaccini.X\main.asm
                   theend   0x000101    program     static C:\Users\denni\OneDrive - Università Politecnica delle Marche\Sistemi Elettronici\Progetto\Progetto Rapaccini.X\main.asm
                    valid   0x0000cb    program     static C:\Users\denni\OneDrive - Università Politecnica delle Marche\Sistemi Elettronici\Progetto\Progetto Rapaccini.X\main.asm
                waitdelay   0x00010d    program     static C:\Users\denni\OneDrive - Università Politecnica delle Marche\Sistemi Elettronici\Progetto\Progetto Rapaccini.X\main.asm
                  counter   0x000078       data     static C:\Users\denni\OneDrive - Università Politecnica delle Marche\Sistemi Elettronici\Progetto\Progetto Rapaccini.X\main.asm
              eusartCount   0x000077       data     static C:\Users\denni\OneDrive - Università Politecnica delle Marche\Sistemi Elettronici\Progetto\Progetto Rapaccini.X\main.asm
                     flag   0x000074       data     static C:\Users\denni\OneDrive - Università Politecnica delle Marche\Sistemi Elettronici\Progetto\Progetto Rapaccini.X\main.asm
                        n   0x000073       data     static C:\Users\denni\OneDrive - Università Politecnica delle Marche\Sistemi Elettronici\Progetto\Progetto Rapaccini.X\main.asm
              pclath_TEMP   0x000072       data     static C:\Users\denni\OneDrive - Università Politecnica delle Marche\Sistemi Elettronici\Progetto\Progetto Rapaccini.X\main.asm
                printBuff   0x000020       data     static C:\Users\denni\OneDrive - Università Politecnica delle Marche\Sistemi Elettronici\Progetto\Progetto Rapaccini.X\main.asm
              status_TEMP   0x000071       data     static C:\Users\denni\OneDrive - Università Politecnica delle Marche\Sistemi Elettronici\Progetto\Progetto Rapaccini.X\main.asm
                     var1   0x000075       data     static C:\Users\denni\OneDrive - Università Politecnica delle Marche\Sistemi Elettronici\Progetto\Progetto Rapaccini.X\main.asm
                     var2   0x000076       data     static C:\Users\denni\OneDrive - Università Politecnica delle Marche\Sistemi Elettronici\Progetto\Progetto Rapaccini.X\main.asm
                   w_TEMP   0x000070       data     static C:\Users\denni\OneDrive - Università Politecnica delle Marche\Sistemi Elettronici\Progetto\Progetto Rapaccini.X\main.asm



                              Symbols - Sorted by Address
                     Name    Address   Location    Storage File                     
                ---------  ---------  ---------  --------- ---------                
                eusartISR   0x000009    program     static C:\Users\denni\OneDrive - Università Politecnica delle Marche\Sistemi Elettronici\Progetto\Progetto Rapaccini.X\main.asm
                    endTx   0x00001b    program     static C:\Users\denni\OneDrive - Università Politecnica delle Marche\Sistemi Elettronici\Progetto\Progetto Rapaccini.X\main.asm
                   endISR   0x000020    program     static C:\Users\denni\OneDrive - Università Politecnica delle Marche\Sistemi Elettronici\Progetto\Progetto Rapaccini.X\main.asm
                   initHw   0x000027    program     static C:\Users\denni\OneDrive - Università Politecnica delle Marche\Sistemi Elettronici\Progetto\Progetto Rapaccini.X\main.asm
                    start   0x000098    program     static C:\Users\denni\OneDrive - Università Politecnica delle Marche\Sistemi Elettronici\Progetto\Progetto Rapaccini.X\main.asm
                main_loop   0x00009f    program     static C:\Users\denni\OneDrive - Università Politecnica delle Marche\Sistemi Elettronici\Progetto\Progetto Rapaccini.X\main.asm
              enterNumber   0x0000b7    program     static C:\Users\denni\OneDrive - Università Politecnica delle Marche\Sistemi Elettronici\Progetto\Progetto Rapaccini.X\main.asm
               _MAIN_0022   0x0000ba    program     static C:\Users\denni\OneDrive - Università Politecnica delle Marche\Sistemi Elettronici\Progetto\Progetto Rapaccini.X\main.asm
                ascii2dec   0x0000c8    program     static C:\Users\denni\OneDrive - Università Politecnica delle Marche\Sistemi Elettronici\Progetto\Progetto Rapaccini.X\main.asm
                    valid   0x0000cb    program     static C:\Users\denni\OneDrive - Università Politecnica delle Marche\Sistemi Elettronici\Progetto\Progetto Rapaccini.X\main.asm
                 nonValid   0x0000dd    program     static C:\Users\denni\OneDrive - Università Politecnica delle Marche\Sistemi Elettronici\Progetto\Progetto Rapaccini.X\main.asm
               _MAIN_0064   0x0000fc    program     static C:\Users\denni\OneDrive - Università Politecnica delle Marche\Sistemi Elettronici\Progetto\Progetto Rapaccini.X\main.asm
               _MAIN_0068   0x000100    program     static C:\Users\denni\OneDrive - Università Politecnica delle Marche\Sistemi Elettronici\Progetto\Progetto Rapaccini.X\main.asm
                   theend   0x000101    program     static C:\Users\denni\OneDrive - Università Politecnica delle Marche\Sistemi Elettronici\Progetto\Progetto Rapaccini.X\main.asm
                    delay   0x000109    program     static C:\Users\denni\OneDrive - Università Politecnica delle Marche\Sistemi Elettronici\Progetto\Progetto Rapaccini.X\main.asm
                waitdelay   0x00010d    program     static C:\Users\denni\OneDrive - Università Politecnica delle Marche\Sistemi Elettronici\Progetto\Progetto Rapaccini.X\main.asm
                  startTx   0x000110    program     static C:\Users\denni\OneDrive - Università Politecnica delle Marche\Sistemi Elettronici\Progetto\Progetto Rapaccini.X\main.asm
                printBuff   0x000020       data     static C:\Users\denni\OneDrive - Università Politecnica delle Marche\Sistemi Elettronici\Progetto\Progetto Rapaccini.X\main.asm
                   w_TEMP   0x000070       data     static C:\Users\denni\OneDrive - Università Politecnica delle Marche\Sistemi Elettronici\Progetto\Progetto Rapaccini.X\main.asm
              status_TEMP   0x000071       data     static C:\Users\denni\OneDrive - Università Politecnica delle Marche\Sistemi Elettronici\Progetto\Progetto Rapaccini.X\main.asm
              pclath_TEMP   0x000072       data     static C:\Users\denni\OneDrive - Università Politecnica delle Marche\Sistemi Elettronici\Progetto\Progetto Rapaccini.X\main.asm
                        n   0x000073       data     static C:\Users\denni\OneDrive - Università Politecnica delle Marche\Sistemi Elettronici\Progetto\Progetto Rapaccini.X\main.asm
                     flag   0x000074       data     static C:\Users\denni\OneDrive - Università Politecnica delle Marche\Sistemi Elettronici\Progetto\Progetto Rapaccini.X\main.asm
                     var1   0x000075       data     static C:\Users\denni\OneDrive - Università Politecnica delle Marche\Sistemi Elettronici\Progetto\Progetto Rapaccini.X\main.asm
                     var2   0x000076       data     static C:\Users\denni\OneDrive - Università Politecnica delle Marche\Sistemi Elettronici\Progetto\Progetto Rapaccini.X\main.asm
              eusartCount   0x000077       data     static C:\Users\denni\OneDrive - Università Politecnica delle Marche\Sistemi Elettronici\Progetto\Progetto Rapaccini.X\main.asm
                  counter   0x000078       data     static C:\Users\denni\OneDrive - Università Politecnica delle Marche\Sistemi Elettronici\Progetto\Progetto Rapaccini.X\main.asm


